
> arkadians-crm-full@0.1.0 build
> next build

Γû▓ Next.js 16.2.6 (Turbopack)
- Environments: .env

node.exe : ΓÜá The "middleware" file convention is deprecated. Please use "proxy" instead. Learn more: https://nextjs.org/docs/messages/middleware-to-proxy
At line:1 char:1
+ & "C:\Program Files\nodejs/node.exe" "C:\Program Files\nodejs/node_mo ...
+ ~~~~~~~~~~~~~~~~~~~~~~~~~~~~~~~~~~~~~~~~~~~~~~~~~~~~~~~~~~~~~~~~~~~~~
    + CategoryInfo          : NotSpecified: (ΓÜá The "middle...leware-to-proxy:String) [], RemoteException
    + FullyQualifiedErrorId : NativeCommandError
 
  Creating an optimized production build ...
Γ£ô Compiled successfully in 10.7s
  Running TypeScript ...
  Finished TypeScript in 9.6s ...
  Collecting page data using 3 workers ...
  Generating static pages using 3 workers (0/45) ...
  Generating static pages using 3 workers (11/45) 
  Generating static pages using 3 workers (22/45) 
  Generating static pages using 3 workers (33/45) 
Γ£ô Generating static pages using 3 workers (45/45) in 397ms
  Finalizing page optimization ...

Route (app)
Γöî ╞Æ /
Γö£ ╞Æ /_not-found
Γö£ ╞Æ /activities
Γö£ ╞Æ /admin
Γö£ ╞Æ /admin/users
Γö£ ╞Æ /api/activities
Γö£ ╞Æ /api/activities/[id]
Γö£ ╞Æ /api/admin/activity-oversight
Γö£ ╞Æ /api/admin/users
Γö£ ╞Æ /api/auth/game-session
Γö£ ╞Æ /api/auth/google-game
Γö£ ╞Æ /api/auth/google-game/logout
Γö£ ╞Æ /api/auth/login
Γö£ ╞Æ /api/auth/logout
Γö£ ╞Æ /api/auth/me
Γö£ ╞Æ /api/auth/register
Γö£ ╞Æ /api/call-logs/[callLogId]/browser-call/end
Γö£ ╞Æ /api/calls
Γö£ ╞Æ /api/dashboard/hot-leads
Γö£ ╞Æ /api/dashboard/pipeline-counts
Γö£ ╞Æ /api/dashboard/recent-calls
Γö£ ╞Æ /api/dashboard/stats
Γö£ ╞Æ /api/inventory/assign
Γö£ ╞Æ /api/inventory/units
Γö£ ╞Æ /api/leads
Γö£ ╞Æ /api/leads/[id]
Γö£ ╞Æ /api/leads/[id]/ai-note
Γö£ ╞Æ /api/leads/[id]/browser-call/start
Γö£ ╞Æ /api/notifications/today
Γö£ ╞Æ /api/reports
Γö£ ╞Æ /api/users
Γö£ ╞Æ /api/vapi/outbound-call
Γö£ ╞Æ /calendar
Γö£ ╞Æ /calls
Γö£ ╞Æ /ceo
Γö£ ╞Æ /construction
Γö£ ╞Æ /experience
Γö£ ╞Æ /experience/play
Γö£ ╞Æ /game
Γö£ ╞Æ /game/play
Γö£ Γùï /icon.png
Γö£ ╞Æ /inventory
Γö£ ╞Æ /leads
Γö£ ╞Æ /leads/[id]
Γö£ ╞Æ /leads/[id]/edit
Γö£ ╞Æ /leads/new
Γö£ ╞Æ /login
Γö£ ╞Æ /pipeline
Γö£ ╞Æ /pipeline/my-board
Γöö ╞Æ /settings


╞Æ Proxy (Middleware)

Γùï  (Static)   prerendered as static content
╞Æ  (Dynamic)  server-rendered on demand

